<?xml version="1.0" encoding="UTF-8" standalone="yes"?>
<ProjectInfo>
    <totalNumberOfClasses>4</totalNumberOfClasses>
    <totalNumberOfTestableClasses>4</totalNumberOfTestableClasses>
    <overallCoverage>0.92</overallCoverage>
    <generatedTestSuites>
        <fullNameOfTargetClass>microwave.DisplayController</fullNameOfTargetClass>
        <fullNameOfTestSuite>microwave.DisplayController_ESTest</fullNameOfTestSuite>
        <totalEffortInSeconds>270</totalEffortInSeconds>
        <coverageTestSuites>
            <id>0</id>
            <fullPathOfTestSuite>C:\Users\whalen\Documents\git\wendt\coursera-testing\src\Microwave\Microwave_Quickcheck\Golden\.evosuite\tmp_2018_05_20_16_50_48\tests\microwave\DisplayController_ESTest.java</fullPathOfTestSuite>
            <coverage>
                <criterion>LineCoverage</criterion>
                <coverageValue>1.0</coverageValue>
            </coverage>
            <coverage>
                <criterion>BranchCoverage</criterion>
                <coverageValue>0.96</coverageValue>
            </coverage>
            <coverage>
                <criterion>ExceptionCoverage</criterion>
                <coverageValue>1.0</coverageValue>
            </coverage>
            <coverage>
                <criterion>WeakMutationScore</criterion>
                <coverageValue>0.98</coverageValue>
            </coverage>
            <coverage>
                <criterion>OutputCoverage</criterion>
                <coverageValue>0.73</coverageValue>
            </coverage>
            <coverage>
                <criterion>MethodCoverage</criterion>
                <coverageValue>1.0</coverageValue>
            </coverage>
            <coverage>
                <criterion>MethodNoExceptionCoverage</criterion>
                <coverageValue>1.0</coverageValue>
            </coverage>
            <coverage>
                <criterion>CBranchCoverage</criterion>
                <coverageValue>0.96</coverageValue>
            </coverage>
            <numberOfTests>35</numberOfTests>
            <totalNumberOfStatements>96</totalNumberOfStatements>
            <effortInSeconds>129</effortInSeconds>
        </coverageTestSuites>
        <coverageTestSuites>
            <id>1</id>
            <fullPathOfTestSuite>C:\Users\whalen\Documents\git\wendt\coursera-testing\src\Microwave\Microwave_Quickcheck\Golden\.evosuite\tmp_2018_05_21_09_02_30\tests\microwave\DisplayController_ESTest.java</fullPathOfTestSuite>
            <coverage>
                <criterion>LineCoverage</criterion>
                <coverageValue>1.0</coverageValue>
            </coverage>
            <coverage>
                <criterion>BranchCoverage</criterion>
                <coverageValue>0.96</coverageValue>
            </coverage>
            <coverage>
                <criterion>ExceptionCoverage</criterion>
                <coverageValue>1.0</coverageValue>
            </coverage>
            <coverage>
                <criterion>WeakMutationScore</criterion>
                <coverageValue>0.98</coverageValue>
            </coverage>
            <coverage>
                <criterion>OutputCoverage</criterion>
                <coverageValue>0.64</coverageValue>
            </coverage>
            <coverage>
                <criterion>MethodCoverage</criterion>
                <coverageValue>1.0</coverageValue>
            </coverage>
            <coverage>
                <criterion>MethodNoExceptionCoverage</criterion>
                <coverageValue>1.0</coverageValue>
            </coverage>
            <coverage>
                <criterion>CBranchCoverage</criterion>
                <coverageValue>0.96</coverageValue>
            </coverage>
            <numberOfTests>40</numberOfTests>
            <totalNumberOfStatements>109</totalNumberOfStatements>
            <effortInSeconds>141</effortInSeconds>
        </coverageTestSuites>
    </generatedTestSuites>
    <generatedTestSuites>
        <fullNameOfTargetClass>microwave.Microwave</fullNameOfTargetClass>
        <fullNameOfTestSuite>microwave.Microwave_ESTest</fullNameOfTestSuite>
        <totalEffortInSeconds>129</totalEffortInSeconds>
        <coverageTestSuites>
            <id>0</id>
            <fullPathOfTestSuite>C:\Users\whalen\Documents\git\wendt\coursera-testing\src\Microwave\Microwave_Quickcheck\Golden\.evosuite\tmp_2018_05_20_16_50_48\tests\microwave\Microwave_ESTest.java</fullPathOfTestSuite>
            <coverage>
                <criterion>LineCoverage</criterion>
                <coverageValue>0.97</coverageValue>
            </coverage>
            <coverage>
                <criterion>BranchCoverage</criterion>
                <coverageValue>0.92</coverageValue>
            </coverage>
            <coverage>
                <criterion>ExceptionCoverage</criterion>
                <coverageValue>1.0</coverageValue>
            </coverage>
            <coverage>
                <criterion>WeakMutationScore</criterion>
                <coverageValue>0.93</coverageValue>
            </coverage>
            <coverage>
                <criterion>OutputCoverage</criterion>
                <coverageValue>0.59</coverageValue>
            </coverage>
            <coverage>
                <criterion>MethodCoverage</criterion>
                <coverageValue>1.0</coverageValue>
            </coverage>
            <coverage>
                <criterion>MethodNoExceptionCoverage</criterion>
                <coverageValue>1.0</coverageValue>
            </coverage>
            <coverage>
                <criterion>CBranchCoverage</criterion>
                <coverageValue>0.92</coverageValue>
            </coverage>
            <numberOfTests>30</numberOfTests>
            <totalNumberOfStatements>148</totalNumberOfStatements>
            <effortInSeconds>62</effortInSeconds>
        </coverageTestSuites>
        <coverageTestSuites>
            <id>1</id>
            <fullPathOfTestSuite>C:\Users\whalen\Documents\git\wendt\coursera-testing\src\Microwave\Microwave_Quickcheck\Golden\.evosuite\tmp_2018_05_21_09_02_30\tests\microwave\Microwave_ESTest.java</fullPathOfTestSuite>
            <coverage>
                <criterion>LineCoverage</criterion>
                <coverageValue>0.97</coverageValue>
            </coverage>
            <coverage>
                <criterion>BranchCoverage</criterion>
                <coverageValue>0.96</coverageValue>
            </coverage>
            <coverage>
                <criterion>ExceptionCoverage</criterion>
                <coverageValue>1.0</coverageValue>
            </coverage>
            <coverage>
                <criterion>WeakMutationScore</criterion>
                <coverageValue>0.95</coverageValue>
            </coverage>
            <coverage>
                <criterion>OutputCoverage</criterion>
                <coverageValue>0.59</coverageValue>
            </coverage>
            <coverage>
                <criterion>MethodCoverage</criterion>
                <coverageValue>1.0</coverageValue>
            </coverage>
            <coverage>
                <criterion>MethodNoExceptionCoverage</criterion>
                <coverageValue>1.0</coverageValue>
            </coverage>
            <coverage>
                <criterion>CBranchCoverage</criterion>
                <coverageValue>0.96</coverageValue>
            </coverage>
            <numberOfTests>32</numberOfTests>
            <totalNumberOfStatements>157</totalNumberOfStatements>
            <effortInSeconds>67</effortInSeconds>
        </coverageTestSuites>
    </generatedTestSuites>
    <generatedTestSuites>
        <fullNameOfTargetClass>microwave.ModeController</fullNameOfTargetClass>
        <fullNameOfTestSuite>microwave.ModeController_ESTest</fullNameOfTestSuite>
        <totalEffortInSeconds>149</totalEffortInSeconds>
        <coverageTestSuites>
            <id>0</id>
            <fullPathOfTestSuite>C:\Users\whalen\Documents\git\wendt\coursera-testing\src\Microwave\Microwave_Quickcheck\Golden\.evosuite\tmp_2018_05_20_16_50_48\tests\microwave\ModeController_ESTest.java</fullPathOfTestSuite>
            <coverage>
                <criterion>LineCoverage</criterion>
                <coverageValue>1.0</coverageValue>
            </coverage>
            <coverage>
                <criterion>BranchCoverage</criterion>
                <coverageValue>0.96</coverageValue>
            </coverage>
            <coverage>
                <criterion>ExceptionCoverage</criterion>
                <coverageValue>1.0</coverageValue>
            </coverage>
            <coverage>
                <criterion>WeakMutationScore</criterion>
                <coverageValue>0.97</coverageValue>
            </coverage>
            <coverage>
                <criterion>OutputCoverage</criterion>
                <coverageValue>0.69</coverageValue>
            </coverage>
            <coverage>
                <criterion>MethodCoverage</criterion>
                <coverageValue>1.0</coverageValue>
            </coverage>
            <coverage>
                <criterion>MethodNoExceptionCoverage</criterion>
                <coverageValue>1.0</coverageValue>
            </coverage>
            <coverage>
                <criterion>CBranchCoverage</criterion>
                <coverageValue>0.96</coverageValue>
            </coverage>
            <numberOfTests>16</numberOfTests>
            <totalNumberOfStatements>49</totalNumberOfStatements>
            <effortInSeconds>73</effortInSeconds>
        </coverageTestSuites>
        <coverageTestSuites>
            <id>1</id>
            <fullPathOfTestSuite>C:\Users\whalen\Documents\git\wendt\coursera-testing\src\Microwave\Microwave_Quickcheck\Golden\.evosuite\tmp_2018_05_21_09_02_30\tests\microwave\ModeController_ESTest.java</fullPathOfTestSuite>
            <coverage>
                <criterion>LineCoverage</criterion>
                <coverageValue>1.0</coverageValue>
            </coverage>
            <coverage>
                <criterion>BranchCoverage</criterion>
                <coverageValue>0.96</coverageValue>
            </coverage>
            <coverage>
                <criterion>ExceptionCoverage</criterion>
                <coverageValue>0.0</coverageValue>
            </coverage>
            <coverage>
                <criterion>WeakMutationScore</criterion>
                <coverageValue>0.97</coverageValue>
            </coverage>
            <coverage>
                <criterion>OutputCoverage</criterion>
                <coverageValue>0.69</coverageValue>
            </coverage>
            <coverage>
                <criterion>MethodCoverage</criterion>
                <coverageValue>1.0</coverageValue>
            </coverage>
            <coverage>
                <criterion>MethodNoExceptionCoverage</criterion>
                <coverageValue>1.0</coverageValue>
            </coverage>
            <coverage>
                <criterion>CBranchCoverage</criterion>
                <coverageValue>0.96</coverageValue>
            </coverage>
            <numberOfTests>16</numberOfTests>
            <totalNumberOfStatements>49</totalNumberOfStatements>
            <effortInSeconds>76</effortInSeconds>
        </coverageTestSuites>
    </generatedTestSuites>
    <generatedTestSuites>
        <fullNameOfTargetClass>microwave.Preset</fullNameOfTargetClass>
        <fullNameOfTestSuite>microwave.Preset_ESTest</fullNameOfTestSuite>
        <totalEffortInSeconds>78</totalEffortInSeconds>
        <coverageTestSuites>
            <id>0</id>
            <fullPathOfTestSuite>C:\Users\whalen\Documents\git\wendt\coursera-testing\src\Microwave\Microwave_Quickcheck\Golden\.evosuite\tmp_2018_05_20_16_50_48\tests\microwave\Preset_ESTest.java</fullPathOfTestSuite>
            <coverage>
                <criterion>LineCoverage</criterion>
                <coverageValue>1.0</coverageValue>
            </coverage>
            <coverage>
                <criterion>BranchCoverage</criterion>
                <coverageValue>1.0</coverageValue>
            </coverage>
            <coverage>
                <criterion>ExceptionCoverage</criterion>
                <coverageValue>1.0</coverageValue>
            </coverage>
            <coverage>
                <criterion>WeakMutationScore</criterion>
                <coverageValue>1.0</coverageValue>
            </coverage>
            <coverage>
                <criterion>OutputCoverage</criterion>
                <coverageValue>0.83</coverageValue>
            </coverage>
            <coverage>
                <criterion>MethodCoverage</criterion>
                <coverageValue>1.0</coverageValue>
            </coverage>
            <coverage>
                <criterion>MethodNoExceptionCoverage</criterion>
                <coverageValue>1.0</coverageValue>
            </coverage>
            <coverage>
                <criterion>CBranchCoverage</criterion>
                <coverageValue>1.0</coverageValue>
            </coverage>
            <numberOfTests>13</numberOfTests>
            <totalNumberOfStatements>26</totalNumberOfStatements>
            <effortInSeconds>37</effortInSeconds>
        </coverageTestSuites>
        <coverageTestSuites>
            <id>1</id>
            <fullPathOfTestSuite>C:\Users\whalen\Documents\git\wendt\coursera-testing\src\Microwave\Microwave_Quickcheck\Golden\.evosuite\tmp_2018_05_21_09_02_30\tests\microwave\Preset_ESTest.java</fullPathOfTestSuite>
            <coverage>
                <criterion>LineCoverage</criterion>
                <coverageValue>1.0</coverageValue>
            </coverage>
            <coverage>
                <criterion>BranchCoverage</criterion>
                <coverageValue>1.0</coverageValue>
            </coverage>
            <coverage>
                <criterion>ExceptionCoverage</criterion>
                <coverageValue>1.0</coverageValue>
            </coverage>
            <coverage>
                <criterion>WeakMutationScore</criterion>
                <coverageValue>1.0</coverageValue>
            </coverage>
            <coverage>
                <criterion>OutputCoverage</criterion>
                <coverageValue>0.83</coverageValue>
            </coverage>
            <coverage>
                <criterion>MethodCoverage</criterion>
                <coverageValue>1.0</coverageValue>
            </coverage>
            <coverage>
                <criterion>MethodNoExceptionCoverage</criterion>
                <coverageValue>1.0</coverageValue>
            </coverage>
            <coverage>
                <criterion>CBranchCoverage</criterion>
                <coverageValue>1.0</coverageValue>
            </coverage>
            <numberOfTests>13</numberOfTests>
            <totalNumberOfStatements>26</totalNumberOfStatements>
            <effortInSeconds>41</effortInSeconds>
        </coverageTestSuites>
    </generatedTestSuites>
</ProjectInfo>
