<project xmlns="http://maven.apache.org/POM/4.0.0" xmlns:xsi="http://www.w3.org/2001/XMLSchema-instance"
	xsi:schemaLocation="http://maven.apache.org/POM/4.0.0 http://maven.apache.org/xsd/maven-4.0.0.xsd">
	<modelVersion>4.0.0</modelVersion>
	<groupId>microwave</groupId>
	<artifactId>MicrowavePropertyBasedTestingDemo</artifactId>
	<version>0.0.1-SNAPSHOT</version>
	<name>Microwave Property Based Testing</name>
	<description>Microwave Property Based Testing demo</description>
	<dependencies>
		<dependency>
         <groupId>com.pholser</groupId>
         <artifactId>junit-quickcheck-core</artifactId>
         <version>0.8</version>
      </dependency>
		<dependency>
			<groupId>com.pholser</groupId>
			<artifactId>junit-quickcheck-generators</artifactId>
			<version>0.8</version>
		</dependency>
		<dependency>
			<groupId>junit</groupId>
			<artifactId>junit</artifactId>
			<version>4.12</version>
			<scope>test</scope>
		</dependency>
		<dependency>
			<groupId>org.hamcrest</groupId>
			<artifactId>hamcrest-all</artifactId>
			<version>1.3</version>
		</dependency>
      <dependency>
         <groupId>org.slf4j</groupId>
         <artifactId>slf4j-api</artifactId>
         <version>1.7.16</version>
         <scope>compile</scope>
      </dependency>
      <dependency>
         <groupId>org.slf4j</groupId>
         <artifactId>slf4j-simple</artifactId>
         <version>1.7.16</version>
         <scope>runtime</scope>
      </dependency>
	</dependencies>
	<pluginRepositories>
  <pluginRepository>
    <id>EvoSuite</id>
    <name>EvoSuite Repository</name>
    <url>http://www.evosuite.org/m2</url>
  </pluginRepository>
  </pluginRepositories>
  <build>
    <plugins>
      <plugin>
        <groupId>org.evosuite.plugins</groupId>
        <artifactId>evosuite-maven-plugin</artifactId>
        <version>3.8.4</version>
      </plugin>
    </plugins>
  </build>
</project>